Running with arguments: grid size=1, num agents=1
0 0 0
0 

